# Таблица соответствия «что изменилось → какие зоны перепроверить».
#
# Формат: <вид><TAB><ключ><TAB><зоны через запятую><TAB><основание>
#   spec  — номер раздела SPEC.md (часть II)
#   path  — префикс пути в репозитории
#
# Зоны заданы заказчиком в сессии 2 и совпадают с делением тест-планов:
#   A — деньги, валюта, расходы, распределение
#   B — балансы, долги, погашения, пересчёт
#   C — доступ, группы, участники, протокол, история
#
# Правило полноты: ключ, которого нет в таблице, трактуется как A,B,C.
# Умолчание намеренно широкое — пропустить зону дороже, чем прогнать лишнюю.

spec	1	A,B,C	Модель данных лежит под всеми тремя зонами
spec	2	A	Деньги, копейки, округление, валюта
spec	3	C	Группы
spec	4	C	Участники
spec	5	A	Расходы
spec	6	A	Способы распределения equal / percent / manual
spec	7	B	Балансы
spec	8	B	Долги
spec	9	C	Протокол, коды и форма тела ошибки
spec	10	C	Идентификация и доступ
spec	11	A	Изменение расхода
spec	12	B	Погашения
spec	13	C	История операций
spec	14	C	Список путей
spec	15	C	Интерфейс

path	app/	A,B,C	Объект тестируется как чужой: какая зона задета правкой в app/, без чтения кода определить нельзя (запрет 1). Любая правка приложения перепрогоняет все три зоны
path	tests/api/plan-a.test.mjs	A	Проверки зоны A
path	tests/api/plan-b.test.mjs	B	Проверки зоны B
path	tests/api/plan-c.test.mjs	C	Проверки зоны C
path	tests/ui/plan-a.spec.mjs	A	UI-проверки зоны A
path	tests/ui/plan-b.spec.mjs	B	UI-проверки зоны B
path	tests/ui/plan-c.spec.mjs	C	UI-проверки зоны C
path	tests/api/_harness.mjs	A,B,C	Общая оснастка API
path	tests/ui/_ui-harness.mjs	A,B,C	Общая оснастка UI
path	tests/plan-A.md	A	Тест-план зоны A
path	tests/plan-B.md	B	Тест-план зоны B
path	tests/plan-C.md	C	Тест-план зоны C
path	ORDER.md	A,B,C	Заказ автору: меняется предмет, меняются все зоны
path	workflow/	-	Сама процедура прогона проверок не является
path	sessions/	-	Журнал сессий поведения приложения не меняет
path	evidence/	-	Доказательства прошлых прогонов
path	README.md	-	Документация
path	REPORT.md	-	Документация
path	TOOLS.md	-	Документация
path	task-checklist.md	-	Рабочий чек-лист требований задания
